// Jest Snapshot v1, https://goo.gl/fbAQLP

exports[`Stack should render correctly 1`] = `
.emotion-0 {
  display: -webkit-box;
  display: -webkit-flex;
  display: -ms-flexbox;
  display: flex;
  -webkit-flex-direction: column;
  -ms-flex-direction: column;
  flex-direction: column;
  row-gap: var(--tonic-sizes-4x);
}

<div>
  <div
    class="emotion-0 emotion-1"
  >
    <div
      class="emotion-2 emotion-1"
    />
    <div
      class="emotion-2 emotion-1"
    />
    <div
      class="emotion-2 emotion-1"
    />
  </div>
</div>
`;
